------------------------------------------------------------
Timing Analyzer Summary
------------------------------------------------------------

Type  : Slow 1100mV 85C Model Setup 'P'
Slack : -3.672
TNS   : -8.256

Type  : Slow 1100mV 85C Model Hold 'P'
Slack : 0.961
TNS   : 0.000

Type  : Slow 1100mV 85C Model Minimum Pulse Width 'P'
Slack : 0.386
TNS   : 0.000

Type  : Slow 1100mV 0C Model Setup 'P'
Slack : -3.649
TNS   : -8.349

Type  : Slow 1100mV 0C Model Hold 'P'
Slack : 0.846
TNS   : 0.000

Type  : Slow 1100mV 0C Model Minimum Pulse Width 'P'
Slack : 0.408
TNS   : 0.000

Type  : Fast 1100mV 85C Model Setup 'P'
Slack : -1.227
TNS   : -2.016

Type  : Fast 1100mV 85C Model Hold 'P'
Slack : 0.397
TNS   : 0.000

Type  : Fast 1100mV 85C Model Minimum Pulse Width 'P'
Slack : 0.066
TNS   : 0.000

Type  : Fast 1100mV 0C Model Setup 'P'
Slack : -1.013
TNS   : -1.601

Type  : Fast 1100mV 0C Model Hold 'P'
Slack : 0.353
TNS   : 0.000

Type  : Fast 1100mV 0C Model Minimum Pulse Width 'P'
Slack : 0.053
TNS   : 0.000

------------------------------------------------------------
